<!doctype html public "-//w3c//dtd html 4.0 transitional//en">
<html><head>
<title>Static Call Graph - [.\obj\Touchscreen_Driver.axf]</title></head>
<body><HR>
<H1>Static Call Graph for image .\obj\Touchscreen_Driver.axf</H1><HR>
<BR><P>#&#060CALLGRAPH&#062# ARM Linker, 6240002: Last Updated: Fri Nov 14 13:08:53 2025
<BR><P>
<H3>Maximum Stack Usage =        224 bytes + Unknown(Cycles, Untraceable Function Pointers)</H3><H3>
Call chain for Maximum Stack Depth:</H3>
main &rArr; touch_read &rArr; calibratePoint &rArr; map
<P>
<H3>
Mutually Recursive functions
</H3> <LI><a href="#[1]">NMI_Handler</a>&nbsp;&nbsp;&nbsp;&rArr;&nbsp;&nbsp;&nbsp;<a href="#[1]">NMI_Handler</a><BR>
 <LI><a href="#[3]">MemManage_Handler</a>&nbsp;&nbsp;&nbsp;&rArr;&nbsp;&nbsp;&nbsp;<a href="#[3]">MemManage_Handler</a><BR>
 <LI><a href="#[4]">BusFault_Handler</a>&nbsp;&nbsp;&nbsp;&rArr;&nbsp;&nbsp;&nbsp;<a href="#[4]">BusFault_Handler</a><BR>
 <LI><a href="#[5]">UsageFault_Handler</a>&nbsp;&nbsp;&nbsp;&rArr;&nbsp;&nbsp;&nbsp;<a href="#[5]">UsageFault_Handler</a><BR>
 <LI><a href="#[6]">SVC_Handler</a>&nbsp;&nbsp;&nbsp;&rArr;&nbsp;&nbsp;&nbsp;<a href="#[6]">SVC_Handler</a><BR>
 <LI><a href="#[7]">DebugMon_Handler</a>&nbsp;&nbsp;&nbsp;&rArr;&nbsp;&nbsp;&nbsp;<a href="#[7]">DebugMon_Handler</a><BR>
 <LI><a href="#[8]">PendSV_Handler</a>&nbsp;&nbsp;&nbsp;&rArr;&nbsp;&nbsp;&nbsp;<a href="#[8]">PendSV_Handler</a><BR>
 <LI><a href="#[9]">SysTick_Handler</a>&nbsp;&nbsp;&nbsp;&rArr;&nbsp;&nbsp;&nbsp;<a href="#[9]">SysTick_Handler</a><BR>
 <LI><a href="#[f]">Default_Handler</a>&nbsp;&nbsp;&nbsp;&rArr;&nbsp;&nbsp;&nbsp;<a href="#[f]">Default_Handler</a><BR>
</UL>
<P>
<H3>
Function Pointers
</H3><UL>
 <LI><a href="#[36]">ACMP01_IRQHandler</a> from startup_m451series.o(.text) referenced from startup_m451series.o(RESET)
 <LI><a href="#[34]">ADC00_IRQHandler</a> from main.o(.text.ADC00_IRQHandler) referenced from startup_m451series.o(RESET)
 <LI><a href="#[35]">ADC01_IRQHandler</a> from startup_m451series.o(.text) referenced from startup_m451series.o(RESET)
 <LI><a href="#[37]">ADC02_IRQHandler</a> from startup_m451series.o(.text) referenced from startup_m451series.o(RESET)
 <LI><a href="#[38]">ADC03_IRQHandler</a> from startup_m451series.o(.text) referenced from startup_m451series.o(RESET)
 <LI><a href="#[a]">BOD_IRQHandler</a> from startup_m451series.o(.text) referenced from startup_m451series.o(RESET)
 <LI><a href="#[22]">BRAKE0_IRQHandler</a> from startup_m451series.o(.text) referenced from startup_m451series.o(RESET)
 <LI><a href="#[26]">BRAKE1_IRQHandler</a> from startup_m451series.o(.text) referenced from startup_m451series.o(RESET)
 <LI><a href="#[4]">BusFault_Handler</a> from startup_m451series.o(.text) referenced from startup_m451series.o(RESET)
 <LI><a href="#[3f]">CAN0_IRQHandler</a> from startup_m451series.o(.text) referenced from startup_m451series.o(RESET)
 <LI><a href="#[e]">CLKFAIL_IRQHandler</a> from startup_m451series.o(.text) referenced from startup_m451series.o(RESET)
 <LI><a href="#[33]">DAC_IRQHandler</a> from startup_m451series.o(.text) referenced from startup_m451series.o(RESET)
 <LI><a href="#[7]">DebugMon_Handler</a> from startup_m451series.o(.text) referenced from startup_m451series.o(RESET)
 <LI><a href="#[f]">Default_Handler</a> from startup_m451series.o(.text) referenced 9 times from startup_m451series.o(RESET)
 <LI><a href="#[14]">EINT0_IRQHandler</a> from startup_m451series.o(.text) referenced from startup_m451series.o(RESET)
 <LI><a href="#[15]">EINT1_IRQHandler</a> from startup_m451series.o(.text) referenced from startup_m451series.o(RESET)
 <LI><a href="#[16]">EINT2_IRQHandler</a> from startup_m451series.o(.text) referenced from startup_m451series.o(RESET)
 <LI><a href="#[17]">EINT3_IRQHandler</a> from startup_m451series.o(.text) referenced from startup_m451series.o(RESET)
 <LI><a href="#[18]">EINT4_IRQHandler</a> from startup_m451series.o(.text) referenced from startup_m451series.o(RESET)
 <LI><a href="#[19]">EINT5_IRQHandler</a> from main.o(.text.EINT5_IRQHandler) referenced from startup_m451series.o(RESET)
 <LI><a href="#[1a]">GPA_IRQHandler</a> from startup_m451series.o(.text) referenced from startup_m451series.o(RESET)
 <LI><a href="#[1b]">GPB_IRQHandler</a> from startup_m451series.o(.text) referenced from startup_m451series.o(RESET)
 <LI><a href="#[1c]">GPC_IRQHandler</a> from startup_m451series.o(.text) referenced from startup_m451series.o(RESET)
 <LI><a href="#[1d]">GPD_IRQHandler</a> from startup_m451series.o(.text) referenced from startup_m451series.o(RESET)
 <LI><a href="#[1e]">GPE_IRQHandler</a> from startup_m451series.o(.text) referenced from startup_m451series.o(RESET)
 <LI><a href="#[1f]">GPF_IRQHandler</a> from startup_m451series.o(.text) referenced from startup_m451series.o(RESET)
 <LI><a href="#[2]">HardFault_Handler</a> from startup_m451series.o(.text) referenced from startup_m451series.o(RESET)
 <LI><a href="#[30]">I2C0_IRQHandler</a> from startup_m451series.o(.text) referenced from startup_m451series.o(RESET)
 <LI><a href="#[31]">I2C1_IRQHandler</a> from startup_m451series.o(.text) referenced from startup_m451series.o(RESET)
 <LI><a href="#[b]">IRC_IRQHandler</a> from startup_m451series.o(.text) referenced from startup_m451series.o(RESET)
 <LI><a href="#[3]">MemManage_Handler</a> from startup_m451series.o(.text) referenced from startup_m451series.o(RESET)
 <LI><a href="#[1]">NMI_Handler</a> from startup_m451series.o(.text) referenced from startup_m451series.o(RESET)
 <LI><a href="#[32]">PDMA_IRQHandler</a> from startup_m451series.o(.text) referenced from startup_m451series.o(RESET)
 <LI><a href="#[23]">PWM0P0_IRQHandler</a> from startup_m451series.o(.text) referenced from startup_m451series.o(RESET)
 <LI><a href="#[24]">PWM0P1_IRQHandler</a> from startup_m451series.o(.text) referenced from startup_m451series.o(RESET)
 <LI><a href="#[25]">PWM0P2_IRQHandler</a> from startup_m451series.o(.text) referenced from startup_m451series.o(RESET)
 <LI><a href="#[27]">PWM1P0_IRQHandler</a> from startup_m451series.o(.text) referenced from startup_m451series.o(RESET)
 <LI><a href="#[28]">PWM1P1_IRQHandler</a> from startup_m451series.o(.text) referenced from startup_m451series.o(RESET)
 <LI><a href="#[29]">PWM1P2_IRQHandler</a> from startup_m451series.o(.text) referenced from startup_m451series.o(RESET)
 <LI><a href="#[c]">PWRWU_IRQHandler</a> from startup_m451series.o(.text) referenced from startup_m451series.o(RESET)
 <LI><a href="#[8]">PendSV_Handler</a> from startup_m451series.o(.text) referenced from startup_m451series.o(RESET)
 <LI><a href="#[45]">ProcessHardFault</a> from retarget.o(.text.ProcessHardFault) referenced from startup_m451series.o(.text)
 <LI><a href="#[d]">RAMPE_IRQHandler</a> from startup_m451series.o(.text) referenced from startup_m451series.o(RESET)
 <LI><a href="#[10]">RTC_IRQHandler</a> from startup_m451series.o(.text) referenced from startup_m451series.o(RESET)
 <LI><a href="#[0]">Reset_Handler</a> from startup_m451series.o(.text) referenced from startup_m451series.o(RESET)
 <LI><a href="#[40]">SC0_IRQHandler</a> from startup_m451series.o(.text) referenced from startup_m451series.o(RESET)
 <LI><a href="#[20]">SPI0_IRQHandler</a> from startup_m451series.o(.text) referenced from startup_m451series.o(RESET)
 <LI><a href="#[21]">SPI1_IRQHandler</a> from startup_m451series.o(.text) referenced from startup_m451series.o(RESET)
 <LI><a href="#[3b]">SPI2_IRQHandler</a> from startup_m451series.o(.text) referenced from startup_m451series.o(RESET)
 <LI><a href="#[6]">SVC_Handler</a> from startup_m451series.o(.text) referenced from startup_m451series.o(RESET)
 <LI><a href="#[9]">SysTick_Handler</a> from startup_m451series.o(.text) referenced from startup_m451series.o(RESET)
 <LI><a href="#[43]">SystemInit</a> from system_m451series.o(.text.SystemInit) referenced from startup_m451series.o(.text)
 <LI><a href="#[11]">TAMPER_IRQHandler</a> from startup_m451series.o(.text) referenced from startup_m451series.o(RESET)
 <LI><a href="#[41]">TK_IRQHandler</a> from startup_m451series.o(.text) referenced from startup_m451series.o(RESET)
 <LI><a href="#[2a]">TMR0_IRQHandler</a> from main.o(.text.TMR0_IRQHandler) referenced from startup_m451series.o(RESET)
 <LI><a href="#[2b]">TMR1_IRQHandler</a> from startup_m451series.o(.text) referenced from startup_m451series.o(RESET)
 <LI><a href="#[2c]">TMR2_IRQHandler</a> from startup_m451series.o(.text) referenced from startup_m451series.o(RESET)
 <LI><a href="#[2d]">TMR3_IRQHandler</a> from startup_m451series.o(.text) referenced from startup_m451series.o(RESET)
 <LI><a href="#[2e]">UART0_IRQHandler</a> from startup_m451series.o(.text) referenced from startup_m451series.o(RESET)
 <LI><a href="#[2f]">UART1_IRQHandler</a> from main.o(.text.UART1_IRQHandler) referenced from startup_m451series.o(RESET)
 <LI><a href="#[39]">UART2_IRQHandler</a> from startup_m451series.o(.text) referenced from startup_m451series.o(RESET)
 <LI><a href="#[3a]">UART3_IRQHandler</a> from startup_m451series.o(.text) referenced from startup_m451series.o(RESET)
 <LI><a href="#[3c]">USBD_IRQHandler</a> from startup_m451series.o(.text) referenced from startup_m451series.o(RESET)
 <LI><a href="#[3d]">USBH_IRQHandler</a> from startup_m451series.o(.text) referenced from startup_m451series.o(RESET)
 <LI><a href="#[3e]">USBOTG_IRQHandler</a> from startup_m451series.o(.text) referenced from startup_m451series.o(RESET)
 <LI><a href="#[5]">UsageFault_Handler</a> from startup_m451series.o(.text) referenced from startup_m451series.o(RESET)
 <LI><a href="#[12]">WDT_IRQHandler</a> from main.o(.text.WDT_IRQHandler) referenced from startup_m451series.o(RESET)
 <LI><a href="#[13]">WWDT_IRQHandler</a> from startup_m451series.o(.text) referenced from startup_m451series.o(RESET)
 <LI><a href="#[44]">__main</a> from entry.o(.ARM.Collect$$$$00000000) referenced from startup_m451series.o(.text)
 <LI><a href="#[46]">fputc</a> from retarget.o(.text.fputc) referenced from printfa.o(i.__0printf)
 <LI><a href="#[42]">main</a> from main.o(.text.main) referenced from entry9a.o(.ARM.Collect$$$$0000000B)
</UL>
<P>
<H3>
Global Symbols
</H3>
<P><STRONG><a name="[44]"></a>__main</STRONG> (Thumb, 0 bytes, Stack size unknown bytes, entry.o(.ARM.Collect$$$$00000000))
<BR>[Address Reference Count : 1]<UL><LI> startup_m451series.o(.text)
</UL>
<P><STRONG><a name="[9b]"></a>_main_stk</STRONG> (Thumb, 0 bytes, Stack size unknown bytes, entry2.o(.ARM.Collect$$$$00000001))

<P><STRONG><a name="[47]"></a>_main_scatterload</STRONG> (Thumb, 0 bytes, Stack size unknown bytes, entry5.o(.ARM.Collect$$$$00000004))
<BR><BR>[Calls]<UL><LI><a href="#[48]">&gt;&gt;</a>&nbsp;&nbsp;&nbsp;__scatterload
</UL>

<P><STRONG><a name="[55]"></a>__main_after_scatterload</STRONG> (Thumb, 0 bytes, Stack size unknown bytes, entry5.o(.ARM.Collect$$$$00000004))
<BR><BR>[Called By]<UL><LI><a href="#[48]">&gt;&gt;</a>&nbsp;&nbsp;&nbsp;__scatterload
</UL>

<P><STRONG><a name="[9c]"></a>_main_clock</STRONG> (Thumb, 0 bytes, Stack size unknown bytes, entry7b.o(.ARM.Collect$$$$00000008))

<P><STRONG><a name="[9d]"></a>_main_cpp_init</STRONG> (Thumb, 0 bytes, Stack size unknown bytes, entry8b.o(.ARM.Collect$$$$0000000A))

<P><STRONG><a name="[9e]"></a>_main_init</STRONG> (Thumb, 0 bytes, Stack size unknown bytes, entry9a.o(.ARM.Collect$$$$0000000B))

<P><STRONG><a name="[9f]"></a>__rt_final_cpp</STRONG> (Thumb, 0 bytes, Stack size unknown bytes, entry10a.o(.ARM.Collect$$$$0000000D))

<P><STRONG><a name="[a0]"></a>__rt_final_exit</STRONG> (Thumb, 0 bytes, Stack size unknown bytes, entry11a.o(.ARM.Collect$$$$0000000F))

<P><STRONG><a name="[0]"></a>Reset_Handler</STRONG> (Thumb, 50 bytes, Stack size 0 bytes, startup_m451series.o(.text))
<BR>[Address Reference Count : 1]<UL><LI> startup_m451series.o(RESET)
</UL>
<P><STRONG><a name="[1]"></a>NMI_Handler</STRONG> (Thumb, 2 bytes, Stack size 0 bytes, startup_m451series.o(.text))
<BR><BR>[Calls]<UL><LI><a href="#[1]">&gt;&gt;</a>&nbsp;&nbsp;&nbsp;NMI_Handler
</UL>
<BR>[Called By]<UL><LI><a href="#[1]">&gt;&gt;</a>&nbsp;&nbsp;&nbsp;NMI_Handler
</UL>
<BR>[Address Reference Count : 1]<UL><LI> startup_m451series.o(RESET)
</UL>
<P><STRONG><a name="[2]"></a>HardFault_Handler</STRONG> (Thumb, 16 bytes, Stack size 0 bytes, startup_m451series.o(.text))
<BR>[Address Reference Count : 1]<UL><LI> startup_m451series.o(RESET)
</UL>
<P><STRONG><a name="[3]"></a>MemManage_Handler</STRONG> (Thumb, 2 bytes, Stack size 0 bytes, startup_m451series.o(.text))
<BR><BR>[Calls]<UL><LI><a href="#[3]">&gt;&gt;</a>&nbsp;&nbsp;&nbsp;MemManage_Handler
</UL>
<BR>[Called By]<UL><LI><a href="#[3]">&gt;&gt;</a>&nbsp;&nbsp;&nbsp;MemManage_Handler
</UL>
<BR>[Address Reference Count : 1]<UL><LI> startup_m451series.o(RESET)
</UL>
<P><STRONG><a name="[4]"></a>BusFault_Handler</STRONG> (Thumb, 2 bytes, Stack size 0 bytes, startup_m451series.o(.text))
<BR><BR>[Calls]<UL><LI><a href="#[4]">&gt;&gt;</a>&nbsp;&nbsp;&nbsp;BusFault_Handler
</UL>
<BR>[Called By]<UL><LI><a href="#[4]">&gt;&gt;</a>&nbsp;&nbsp;&nbsp;BusFault_Handler
</UL>
<BR>[Address Reference Count : 1]<UL><LI> startup_m451series.o(RESET)
</UL>
<P><STRONG><a name="[5]"></a>UsageFault_Handler</STRONG> (Thumb, 2 bytes, Stack size 0 bytes, startup_m451series.o(.text))
<BR><BR>[Calls]<UL><LI><a href="#[5]">&gt;&gt;</a>&nbsp;&nbsp;&nbsp;UsageFault_Handler
</UL>
<BR>[Called By]<UL><LI><a href="#[5]">&gt;&gt;</a>&nbsp;&nbsp;&nbsp;UsageFault_Handler
</UL>
<BR>[Address Reference Count : 1]<UL><LI> startup_m451series.o(RESET)
</UL>
<P><STRONG><a name="[6]"></a>SVC_Handler</STRONG> (Thumb, 2 bytes, Stack size 0 bytes, startup_m451series.o(.text))
<BR><BR>[Calls]<UL><LI><a href="#[6]">&gt;&gt;</a>&nbsp;&nbsp;&nbsp;SVC_Handler
</UL>
<BR>[Called By]<UL><LI><a href="#[6]">&gt;&gt;</a>&nbsp;&nbsp;&nbsp;SVC_Handler
</UL>
<BR>[Address Reference Count : 1]<UL><LI> startup_m451series.o(RESET)
</UL>
<P><STRONG><a name="[7]"></a>DebugMon_Handler</STRONG> (Thumb, 2 bytes, Stack size 0 bytes, startup_m451series.o(.text))
<BR><BR>[Calls]<UL><LI><a href="#[7]">&gt;&gt;</a>&nbsp;&nbsp;&nbsp;DebugMon_Handler
</UL>
<BR>[Called By]<UL><LI><a href="#[7]">&gt;&gt;</a>&nbsp;&nbsp;&nbsp;DebugMon_Handler
</UL>
<BR>[Address Reference Count : 1]<UL><LI> startup_m451series.o(RESET)
</UL>
<P><STRONG><a name="[8]"></a>PendSV_Handler</STRONG> (Thumb, 2 bytes, Stack size 0 bytes, startup_m451series.o(.text))
<BR><BR>[Calls]<UL><LI><a href="#[8]">&gt;&gt;</a>&nbsp;&nbsp;&nbsp;PendSV_Handler
</UL>
<BR>[Called By]<UL><LI><a href="#[8]">&gt;&gt;</a>&nbsp;&nbsp;&nbsp;PendSV_Handler
</UL>
<BR>[Address Reference Count : 1]<UL><LI> startup_m451series.o(RESET)
</UL>
<P><STRONG><a name="[9]"></a>SysTick_Handler</STRONG> (Thumb, 2 bytes, Stack size 0 bytes, startup_m451series.o(.text))
<BR><BR>[Calls]<UL><LI><a href="#[9]">&gt;&gt;</a>&nbsp;&nbsp;&nbsp;SysTick_Handler
</UL>
<BR>[Called By]<UL><LI><a href="#[9]">&gt;&gt;</a>&nbsp;&nbsp;&nbsp;SysTick_Handler
</UL>
<BR>[Address Reference Count : 1]<UL><LI> startup_m451series.o(RESET)
</UL>
<P><STRONG><a name="[36]"></a>ACMP01_IRQHandler</STRONG> (Thumb, 0 bytes, Stack size 0 bytes, startup_m451series.o(.text))
<BR>[Address Reference Count : 1]<UL><LI> startup_m451series.o(RESET)
</UL>
<P><STRONG><a name="[35]"></a>ADC01_IRQHandler</STRONG> (Thumb, 0 bytes, Stack size 0 bytes, startup_m451series.o(.text))
<BR>[Address Reference Count : 1]<UL><LI> startup_m451series.o(RESET)
</UL>
<P><STRONG><a name="[37]"></a>ADC02_IRQHandler</STRONG> (Thumb, 0 bytes, Stack size 0 bytes, startup_m451series.o(.text))
<BR>[Address Reference Count : 1]<UL><LI> startup_m451series.o(RESET)
</UL>
<P><STRONG><a name="[38]"></a>ADC03_IRQHandler</STRONG> (Thumb, 0 bytes, Stack size 0 bytes, startup_m451series.o(.text))
<BR>[Address Reference Count : 1]<UL><LI> startup_m451series.o(RESET)
</UL>
<P><STRONG><a name="[a]"></a>BOD_IRQHandler</STRONG> (Thumb, 0 bytes, Stack size 0 bytes, startup_m451series.o(.text))
<BR>[Address Reference Count : 1]<UL><LI> startup_m451series.o(RESET)
</UL>
<P><STRONG><a name="[22]"></a>BRAKE0_IRQHandler</STRONG> (Thumb, 0 bytes, Stack size 0 bytes, startup_m451series.o(.text))
<BR>[Address Reference Count : 1]<UL><LI> startup_m451series.o(RESET)
</UL>
<P><STRONG><a name="[26]"></a>BRAKE1_IRQHandler</STRONG> (Thumb, 0 bytes, Stack size 0 bytes, startup_m451series.o(.text))
<BR>[Address Reference Count : 1]<UL><LI> startup_m451series.o(RESET)
</UL>
<P><STRONG><a name="[3f]"></a>CAN0_IRQHandler</STRONG> (Thumb, 0 bytes, Stack size 0 bytes, startup_m451series.o(.text))
<BR>[Address Reference Count : 1]<UL><LI> startup_m451series.o(RESET)
</UL>
<P><STRONG><a name="[e]"></a>CLKFAIL_IRQHandler</STRONG> (Thumb, 0 bytes, Stack size 0 bytes, startup_m451series.o(.text))
<BR>[Address Reference Count : 1]<UL><LI> startup_m451series.o(RESET)
</UL>
<P><STRONG><a name="[33]"></a>DAC_IRQHandler</STRONG> (Thumb, 0 bytes, Stack size 0 bytes, startup_m451series.o(.text))
<BR>[Address Reference Count : 1]<UL><LI> startup_m451series.o(RESET)
</UL>
<P><STRONG><a name="[14]"></a>EINT0_IRQHandler</STRONG> (Thumb, 0 bytes, Stack size 0 bytes, startup_m451series.o(.text))
<BR>[Address Reference Count : 1]<UL><LI> startup_m451series.o(RESET)
</UL>
<P><STRONG><a name="[15]"></a>EINT1_IRQHandler</STRONG> (Thumb, 0 bytes, Stack size 0 bytes, startup_m451series.o(.text))
<BR>[Address Reference Count : 1]<UL><LI> startup_m451series.o(RESET)
</UL>
<P><STRONG><a name="[16]"></a>EINT2_IRQHandler</STRONG> (Thumb, 0 bytes, Stack size 0 bytes, startup_m451series.o(.text))
<BR>[Address Reference Count : 1]<UL><LI> startup_m451series.o(RESET)
</UL>
<P><STRONG><a name="[17]"></a>EINT3_IRQHandler</STRONG> (Thumb, 0 bytes, Stack size 0 bytes, startup_m451series.o(.text))
<BR>[Address Reference Count : 1]<UL><LI> startup_m451series.o(RESET)
</UL>
<P><STRONG><a name="[18]"></a>EINT4_IRQHandler</STRONG> (Thumb, 0 bytes, Stack size 0 bytes, startup_m451series.o(.text))
<BR>[Address Reference Count : 1]<UL><LI> startup_m451series.o(RESET)
</UL>
<P><STRONG><a name="[1a]"></a>GPA_IRQHandler</STRONG> (Thumb, 0 bytes, Stack size 0 bytes, startup_m451series.o(.text))
<BR>[Address Reference Count : 1]<UL><LI> startup_m451series.o(RESET)
</UL>
<P><STRONG><a name="[1b]"></a>GPB_IRQHandler</STRONG> (Thumb, 0 bytes, Stack size 0 bytes, startup_m451series.o(.text))
<BR>[Address Reference Count : 1]<UL><LI> startup_m451series.o(RESET)
</UL>
<P><STRONG><a name="[1c]"></a>GPC_IRQHandler</STRONG> (Thumb, 0 bytes, Stack size 0 bytes, startup_m451series.o(.text))
<BR>[Address Reference Count : 1]<UL><LI> startup_m451series.o(RESET)
</UL>
<P><STRONG><a name="[1d]"></a>GPD_IRQHandler</STRONG> (Thumb, 0 bytes, Stack size 0 bytes, startup_m451series.o(.text))
<BR>[Address Reference Count : 1]<UL><LI> startup_m451series.o(RESET)
</UL>
<P><STRONG><a name="[1e]"></a>GPE_IRQHandler</STRONG> (Thumb, 0 bytes, Stack size 0 bytes, startup_m451series.o(.text))
<BR>[Address Reference Count : 1]<UL><LI> startup_m451series.o(RESET)
</UL>
<P><STRONG><a name="[1f]"></a>GPF_IRQHandler</STRONG> (Thumb, 0 bytes, Stack size 0 bytes, startup_m451series.o(.text))
<BR>[Address Reference Count : 1]<UL><LI> startup_m451series.o(RESET)
</UL>
<P><STRONG><a name="[30]"></a>I2C0_IRQHandler</STRONG> (Thumb, 0 bytes, Stack size 0 bytes, startup_m451series.o(.text))
<BR>[Address Reference Count : 1]<UL><LI> startup_m451series.o(RESET)
</UL>
<P><STRONG><a name="[31]"></a>I2C1_IRQHandler</STRONG> (Thumb, 0 bytes, Stack size 0 bytes, startup_m451series.o(.text))
<BR>[Address Reference Count : 1]<UL><LI> startup_m451series.o(RESET)
</UL>
<P><STRONG><a name="[b]"></a>IRC_IRQHandler</STRONG> (Thumb, 0 bytes, Stack size 0 bytes, startup_m451series.o(.text))
<BR>[Address Reference Count : 1]<UL><LI> startup_m451series.o(RESET)
</UL>
<P><STRONG><a name="[32]"></a>PDMA_IRQHandler</STRONG> (Thumb, 0 bytes, Stack size 0 bytes, startup_m451series.o(.text))
<BR>[Address Reference Count : 1]<UL><LI> startup_m451series.o(RESET)
</UL>
<P><STRONG><a name="[23]"></a>PWM0P0_IRQHandler</STRONG> (Thumb, 0 bytes, Stack size 0 bytes, startup_m451series.o(.text))
<BR>[Address Reference Count : 1]<UL><LI> startup_m451series.o(RESET)
</UL>
<P><STRONG><a name="[24]"></a>PWM0P1_IRQHandler</STRONG> (Thumb, 0 bytes, Stack size 0 bytes, startup_m451series.o(.text))
<BR>[Address Reference Count : 1]<UL><LI> startup_m451series.o(RESET)
</UL>
<P><STRONG><a name="[25]"></a>PWM0P2_IRQHandler</STRONG> (Thumb, 0 bytes, Stack size 0 bytes, startup_m451series.o(.text))
<BR>[Address Reference Count : 1]<UL><LI> startup_m451series.o(RESET)
</UL>
<P><STRONG><a name="[27]"></a>PWM1P0_IRQHandler</STRONG> (Thumb, 0 bytes, Stack size 0 bytes, startup_m451series.o(.text))
<BR>[Address Reference Count : 1]<UL><LI> startup_m451series.o(RESET)
</UL>
<P><STRONG><a name="[28]"></a>PWM1P1_IRQHandler</STRONG> (Thumb, 0 bytes, Stack size 0 bytes, startup_m451series.o(.text))
<BR>[Address Reference Count : 1]<UL><LI> startup_m451series.o(RESET)
</UL>
<P><STRONG><a name="[29]"></a>PWM1P2_IRQHandler</STRONG> (Thumb, 0 bytes, Stack size 0 bytes, startup_m451series.o(.text))
<BR>[Address Reference Count : 1]<UL><LI> startup_m451series.o(RESET)
</UL>
<P><STRONG><a name="[c]"></a>PWRWU_IRQHandler</STRONG> (Thumb, 0 bytes, Stack size 0 bytes, startup_m451series.o(.text))
<BR>[Address Reference Count : 1]<UL><LI> startup_m451series.o(RESET)
</UL>
<P><STRONG><a name="[d]"></a>RAMPE_IRQHandler</STRONG> (Thumb, 0 bytes, Stack size 0 bytes, startup_m451series.o(.text))
<BR>[Address Reference Count : 1]<UL><LI> startup_m451series.o(RESET)
</UL>
<P><STRONG><a name="[10]"></a>RTC_IRQHandler</STRONG> (Thumb, 0 bytes, Stack size 0 bytes, startup_m451series.o(.text))
<BR>[Address Reference Count : 1]<UL><LI> startup_m451series.o(RESET)
</UL>
<P><STRONG><a name="[40]"></a>SC0_IRQHandler</STRONG> (Thumb, 0 bytes, Stack size 0 bytes, startup_m451series.o(.text))
<BR>[Address Reference Count : 1]<UL><LI> startup_m451series.o(RESET)
</UL>
<P><STRONG><a name="[20]"></a>SPI0_IRQHandler</STRONG> (Thumb, 0 bytes, Stack size 0 bytes, startup_m451series.o(.text))
<BR>[Address Reference Count : 1]<UL><LI> startup_m451series.o(RESET)
</UL>
<P><STRONG><a name="[21]"></a>SPI1_IRQHandler</STRONG> (Thumb, 0 bytes, Stack size 0 bytes, startup_m451series.o(.text))
<BR>[Address Reference Count : 1]<UL><LI> startup_m451series.o(RESET)
</UL>
<P><STRONG><a name="[3b]"></a>SPI2_IRQHandler</STRONG> (Thumb, 0 bytes, Stack size 0 bytes, startup_m451series.o(.text))
<BR>[Address Reference Count : 1]<UL><LI> startup_m451series.o(RESET)
</UL>
<P><STRONG><a name="[11]"></a>TAMPER_IRQHandler</STRONG> (Thumb, 0 bytes, Stack size 0 bytes, startup_m451series.o(.text))
<BR>[Address Reference Count : 1]<UL><LI> startup_m451series.o(RESET)
</UL>
<P><STRONG><a name="[41]"></a>TK_IRQHandler</STRONG> (Thumb, 0 bytes, Stack size 0 bytes, startup_m451series.o(.text))
<BR>[Address Reference Count : 1]<UL><LI> startup_m451series.o(RESET)
</UL>
<P><STRONG><a name="[2b]"></a>TMR1_IRQHandler</STRONG> (Thumb, 0 bytes, Stack size 0 bytes, startup_m451series.o(.text))
<BR>[Address Reference Count : 1]<UL><LI> startup_m451series.o(RESET)
</UL>
<P><STRONG><a name="[2c]"></a>TMR2_IRQHandler</STRONG> (Thumb, 0 bytes, Stack size 0 bytes, startup_m451series.o(.text))
<BR>[Address Reference Count : 1]<UL><LI> startup_m451series.o(RESET)
</UL>
<P><STRONG><a name="[2d]"></a>TMR3_IRQHandler</STRONG> (Thumb, 0 bytes, Stack size 0 bytes, startup_m451series.o(.text))
<BR>[Address Reference Count : 1]<UL><LI> startup_m451series.o(RESET)
</UL>
<P><STRONG><a name="[2e]"></a>UART0_IRQHandler</STRONG> (Thumb, 0 bytes, Stack size 0 bytes, startup_m451series.o(.text))
<BR>[Address Reference Count : 1]<UL><LI> startup_m451series.o(RESET)
</UL>
<P><STRONG><a name="[39]"></a>UART2_IRQHandler</STRONG> (Thumb, 0 bytes, Stack size 0 bytes, startup_m451series.o(.text))
<BR>[Address Reference Count : 1]<UL><LI> startup_m451series.o(RESET)
</UL>
<P><STRONG><a name="[3a]"></a>UART3_IRQHandler</STRONG> (Thumb, 0 bytes, Stack size 0 bytes, startup_m451series.o(.text))
<BR>[Address Reference Count : 1]<UL><LI> startup_m451series.o(RESET)
</UL>
<P><STRONG><a name="[3c]"></a>USBD_IRQHandler</STRONG> (Thumb, 0 bytes, Stack size 0 bytes, startup_m451series.o(.text))
<BR>[Address Reference Count : 1]<UL><LI> startup_m451series.o(RESET)
</UL>
<P><STRONG><a name="[3d]"></a>USBH_IRQHandler</STRONG> (Thumb, 0 bytes, Stack size 0 bytes, startup_m451series.o(.text))
<BR>[Address Reference Count : 1]<UL><LI> startup_m451series.o(RESET)
</UL>
<P><STRONG><a name="[3e]"></a>USBOTG_IRQHandler</STRONG> (Thumb, 0 bytes, Stack size 0 bytes, startup_m451series.o(.text))
<BR>[Address Reference Count : 1]<UL><LI> startup_m451series.o(RESET)
</UL>
<P><STRONG><a name="[13]"></a>WWDT_IRQHandler</STRONG> (Thumb, 0 bytes, Stack size 0 bytes, startup_m451series.o(.text))
<BR>[Address Reference Count : 1]<UL><LI> startup_m451series.o(RESET)
</UL>
<P><STRONG><a name="[a1]"></a>__aeabi_uidiv</STRONG> (Thumb, 0 bytes, Stack size 12 bytes, uidiv.o(.text), UNUSED)

<P><STRONG><a name="[9a]"></a>__aeabi_uidivmod</STRONG> (Thumb, 44 bytes, Stack size 12 bytes, uidiv.o(.text), UNUSED)
<BR><BR>[Called By]<UL><LI><a href="#[95]">&gt;&gt;</a>&nbsp;&nbsp;&nbsp;_printf_core
</UL>

<P><STRONG><a name="[49]"></a>__aeabi_uldivmod</STRONG> (Thumb, 98 bytes, Stack size 40 bytes, uldiv.o(.text), UNUSED)
<BR><BR>[Calls]<UL><LI><a href="#[4a]">&gt;&gt;</a>&nbsp;&nbsp;&nbsp;__aeabi_llsr
<LI><a href="#[4b]">&gt;&gt;</a>&nbsp;&nbsp;&nbsp;__aeabi_llsl
</UL>
<BR>[Called By]<UL><LI><a href="#[95]">&gt;&gt;</a>&nbsp;&nbsp;&nbsp;_printf_core
<LI><a href="#[96]">&gt;&gt;</a>&nbsp;&nbsp;&nbsp;_fp_digits
</UL>

<P><STRONG><a name="[a2]"></a>__I$use$fp</STRONG> (Thumb, 0 bytes, Stack size 48 bytes, iusefp.o(.text), UNUSED)

<P><STRONG><a name="[4c]"></a>__aeabi_dadd</STRONG> (Thumb, 322 bytes, Stack size 48 bytes, dadd.o(.text), UNUSED)
<BR><BR>[Calls]<UL><LI><a href="#[4d]">&gt;&gt;</a>&nbsp;&nbsp;&nbsp;__aeabi_lasr
<LI><a href="#[4b]">&gt;&gt;</a>&nbsp;&nbsp;&nbsp;__aeabi_llsl
<LI><a href="#[4f]">&gt;&gt;</a>&nbsp;&nbsp;&nbsp;_double_round
<LI><a href="#[4e]">&gt;&gt;</a>&nbsp;&nbsp;&nbsp;_double_epilogue
</UL>
<BR>[Called By]<UL><LI><a href="#[51]">&gt;&gt;</a>&nbsp;&nbsp;&nbsp;__aeabi_drsub
<LI><a href="#[50]">&gt;&gt;</a>&nbsp;&nbsp;&nbsp;__aeabi_dsub
<LI><a href="#[96]">&gt;&gt;</a>&nbsp;&nbsp;&nbsp;_fp_digits
</UL>

<P><STRONG><a name="[50]"></a>__aeabi_dsub</STRONG> (Thumb, 6 bytes, Stack size 0 bytes, dadd.o(.text), UNUSED)
<BR><BR>[Calls]<UL><LI><a href="#[4c]">&gt;&gt;</a>&nbsp;&nbsp;&nbsp;__aeabi_dadd
</UL>

<P><STRONG><a name="[51]"></a>__aeabi_drsub</STRONG> (Thumb, 6 bytes, Stack size 0 bytes, dadd.o(.text), UNUSED)
<BR><BR>[Calls]<UL><LI><a href="#[4c]">&gt;&gt;</a>&nbsp;&nbsp;&nbsp;__aeabi_dadd
</UL>

<P><STRONG><a name="[52]"></a>__aeabi_dmul</STRONG> (Thumb, 228 bytes, Stack size 48 bytes, dmul.o(.text), UNUSED)
<BR><BR>[Calls]<UL><LI><a href="#[4e]">&gt;&gt;</a>&nbsp;&nbsp;&nbsp;_double_epilogue
</UL>
<BR>[Called By]<UL><LI><a href="#[96]">&gt;&gt;</a>&nbsp;&nbsp;&nbsp;_fp_digits
</UL>

<P><STRONG><a name="[53]"></a>__aeabi_ddiv</STRONG> (Thumb, 222 bytes, Stack size 32 bytes, ddiv.o(.text), UNUSED)
<BR><BR>[Calls]<UL><LI><a href="#[4f]">&gt;&gt;</a>&nbsp;&nbsp;&nbsp;_double_round
</UL>
<BR>[Called By]<UL><LI><a href="#[96]">&gt;&gt;</a>&nbsp;&nbsp;&nbsp;_fp_digits
</UL>

<P><STRONG><a name="[54]"></a>__aeabi_d2ulz</STRONG> (Thumb, 48 bytes, Stack size 0 bytes, dfixul.o(.text), UNUSED)
<BR><BR>[Calls]<UL><LI><a href="#[4a]">&gt;&gt;</a>&nbsp;&nbsp;&nbsp;__aeabi_llsr
<LI><a href="#[4b]">&gt;&gt;</a>&nbsp;&nbsp;&nbsp;__aeabi_llsl
</UL>
<BR>[Called By]<UL><LI><a href="#[96]">&gt;&gt;</a>&nbsp;&nbsp;&nbsp;_fp_digits
</UL>

<P><STRONG><a name="[97]"></a>__aeabi_cdrcmple</STRONG> (Thumb, 48 bytes, Stack size 0 bytes, cdrcmple.o(.text), UNUSED)
<BR><BR>[Called By]<UL><LI><a href="#[96]">&gt;&gt;</a>&nbsp;&nbsp;&nbsp;_fp_digits
</UL>

<P><STRONG><a name="[48]"></a>__scatterload</STRONG> (Thumb, 38 bytes, Stack size 0 bytes, init.o(.text))
<BR><BR>[Calls]<UL><LI><a href="#[55]">&gt;&gt;</a>&nbsp;&nbsp;&nbsp;__main_after_scatterload
</UL>
<BR>[Called By]<UL><LI><a href="#[47]">&gt;&gt;</a>&nbsp;&nbsp;&nbsp;_main_scatterload
</UL>

<P><STRONG><a name="[a3]"></a>__scatterload_rt2</STRONG> (Thumb, 0 bytes, Stack size 0 bytes, init.o(.text), UNUSED)

<P><STRONG><a name="[4b]"></a>__aeabi_llsl</STRONG> (Thumb, 30 bytes, Stack size 0 bytes, llshl.o(.text), UNUSED)
<BR><BR>[Called By]<UL><LI><a href="#[4e]">&gt;&gt;</a>&nbsp;&nbsp;&nbsp;_double_epilogue
<LI><a href="#[49]">&gt;&gt;</a>&nbsp;&nbsp;&nbsp;__aeabi_uldivmod
<LI><a href="#[4c]">&gt;&gt;</a>&nbsp;&nbsp;&nbsp;__aeabi_dadd
<LI><a href="#[54]">&gt;&gt;</a>&nbsp;&nbsp;&nbsp;__aeabi_d2ulz
</UL>

<P><STRONG><a name="[a4]"></a>_ll_shift_l</STRONG> (Thumb, 0 bytes, Stack size 0 bytes, llshl.o(.text), UNUSED)

<P><STRONG><a name="[4a]"></a>__aeabi_llsr</STRONG> (Thumb, 32 bytes, Stack size 0 bytes, llushr.o(.text), UNUSED)
<BR><BR>[Called By]<UL><LI><a href="#[4e]">&gt;&gt;</a>&nbsp;&nbsp;&nbsp;_double_epilogue
<LI><a href="#[49]">&gt;&gt;</a>&nbsp;&nbsp;&nbsp;__aeabi_uldivmod
<LI><a href="#[54]">&gt;&gt;</a>&nbsp;&nbsp;&nbsp;__aeabi_d2ulz
</UL>

<P><STRONG><a name="[a5]"></a>_ll_ushift_r</STRONG> (Thumb, 0 bytes, Stack size 0 bytes, llushr.o(.text), UNUSED)

<P><STRONG><a name="[4d]"></a>__aeabi_lasr</STRONG> (Thumb, 36 bytes, Stack size 0 bytes, llsshr.o(.text), UNUSED)
<BR><BR>[Called By]<UL><LI><a href="#[4c]">&gt;&gt;</a>&nbsp;&nbsp;&nbsp;__aeabi_dadd
</UL>

<P><STRONG><a name="[a6]"></a>_ll_sshift_r</STRONG> (Thumb, 0 bytes, Stack size 0 bytes, llsshr.o(.text), UNUSED)

<P><STRONG><a name="[4f]"></a>_double_round</STRONG> (Thumb, 30 bytes, Stack size 8 bytes, depilogue.o(.text), UNUSED)
<BR><BR>[Called By]<UL><LI><a href="#[4e]">&gt;&gt;</a>&nbsp;&nbsp;&nbsp;_double_epilogue
<LI><a href="#[53]">&gt;&gt;</a>&nbsp;&nbsp;&nbsp;__aeabi_ddiv
<LI><a href="#[4c]">&gt;&gt;</a>&nbsp;&nbsp;&nbsp;__aeabi_dadd
</UL>

<P><STRONG><a name="[4e]"></a>_double_epilogue</STRONG> (Thumb, 156 bytes, Stack size 32 bytes, depilogue.o(.text), UNUSED)
<BR><BR>[Calls]<UL><LI><a href="#[4a]">&gt;&gt;</a>&nbsp;&nbsp;&nbsp;__aeabi_llsr
<LI><a href="#[4b]">&gt;&gt;</a>&nbsp;&nbsp;&nbsp;__aeabi_llsl
<LI><a href="#[4f]">&gt;&gt;</a>&nbsp;&nbsp;&nbsp;_double_round
</UL>
<BR>[Called By]<UL><LI><a href="#[52]">&gt;&gt;</a>&nbsp;&nbsp;&nbsp;__aeabi_dmul
<LI><a href="#[4c]">&gt;&gt;</a>&nbsp;&nbsp;&nbsp;__aeabi_dadd
</UL>

<P><STRONG><a name="[34]"></a>ADC00_IRQHandler</STRONG> (Thumb, 24 bytes, Stack size 0 bytes, main.o(.text.ADC00_IRQHandler))
<BR>[Address Reference Count : 1]<UL><LI> startup_m451series.o(RESET)
</UL>
<P><STRONG><a name="[66]"></a>CLK_DisablePLL</STRONG> (Thumb, 18 bytes, Stack size 0 bytes, clk.o(.text.CLK_DisablePLL))
<BR><BR>[Called By]<UL><LI><a href="#[64]">&gt;&gt;</a>&nbsp;&nbsp;&nbsp;SYS_Init
</UL>

<P><STRONG><a name="[68]"></a>CLK_EnableModuleClock</STRONG> (Thumb, 40 bytes, Stack size 4 bytes, clk.o(.text.CLK_EnableModuleClock))
<BR><BR>[Stack]<UL><LI>Max Depth = 4<LI>Call Chain = CLK_EnableModuleClock
</UL>
<BR>[Called By]<UL><LI><a href="#[64]">&gt;&gt;</a>&nbsp;&nbsp;&nbsp;SYS_Init
</UL>

<P><STRONG><a name="[56]"></a>CLK_EnablePLL</STRONG> (Thumb, 590 bytes, Stack size 72 bytes, clk.o(.text.CLK_EnablePLL))
<BR><BR>[Stack]<UL><LI>Max Depth = 104<LI>Call Chain = CLK_EnablePLL &rArr; CLK_GetPLLClockFreq
</UL>
<BR>[Calls]<UL><LI><a href="#[58]">&gt;&gt;</a>&nbsp;&nbsp;&nbsp;CLK_GetPLLClockFreq
<LI><a href="#[57]">&gt;&gt;</a>&nbsp;&nbsp;&nbsp;CLK_WaitClockReady
</UL>
<BR>[Called By]<UL><LI><a href="#[5c]">&gt;&gt;</a>&nbsp;&nbsp;&nbsp;CLK_SetCoreClock
</UL>

<P><STRONG><a name="[65]"></a>CLK_EnableXtalRC</STRONG> (Thumb, 24 bytes, Stack size 4 bytes, clk.o(.text.CLK_EnableXtalRC))
<BR><BR>[Stack]<UL><LI>Max Depth = 4<LI>Call Chain = CLK_EnableXtalRC
</UL>
<BR>[Called By]<UL><LI><a href="#[64]">&gt;&gt;</a>&nbsp;&nbsp;&nbsp;SYS_Init
</UL>

<P><STRONG><a name="[59]"></a>CLK_GetPCLK0Freq</STRONG> (Thumb, 62 bytes, Stack size 16 bytes, clk.o(.text.CLK_GetPCLK0Freq))
<BR><BR>[Stack]<UL><LI>Max Depth = 72<LI>Call Chain = CLK_GetPCLK0Freq &rArr; SystemCoreClockUpdate &rArr; CLK_GetPLLClockFreq
</UL>
<BR>[Calls]<UL><LI><a href="#[5a]">&gt;&gt;</a>&nbsp;&nbsp;&nbsp;SystemCoreClockUpdate
</UL>
<BR>[Called By]<UL><LI><a href="#[72]">&gt;&gt;</a>&nbsp;&nbsp;&nbsp;TIMER_GetModuleClock
</UL>

<P><STRONG><a name="[5b]"></a>CLK_GetPCLK1Freq</STRONG> (Thumb, 62 bytes, Stack size 16 bytes, clk.o(.text.CLK_GetPCLK1Freq))
<BR><BR>[Stack]<UL><LI>Max Depth = 72<LI>Call Chain = CLK_GetPCLK1Freq &rArr; SystemCoreClockUpdate &rArr; CLK_GetPLLClockFreq
</UL>
<BR>[Calls]<UL><LI><a href="#[5a]">&gt;&gt;</a>&nbsp;&nbsp;&nbsp;SystemCoreClockUpdate
</UL>
<BR>[Called By]<UL><LI><a href="#[72]">&gt;&gt;</a>&nbsp;&nbsp;&nbsp;TIMER_GetModuleClock
</UL>

<P><STRONG><a name="[5c]"></a>CLK_SetCoreClock</STRONG> (Thumb, 234 bytes, Stack size 16 bytes, clk.o(.text.CLK_SetCoreClock))
<BR><BR>[Stack]<UL><LI>Max Depth = 120<LI>Call Chain = CLK_SetCoreClock &rArr; CLK_EnablePLL &rArr; CLK_GetPLLClockFreq
</UL>
<BR>[Calls]<UL><LI><a href="#[56]">&gt;&gt;</a>&nbsp;&nbsp;&nbsp;CLK_EnablePLL
<LI><a href="#[5d]">&gt;&gt;</a>&nbsp;&nbsp;&nbsp;CLK_SetHCLK
<LI><a href="#[57]">&gt;&gt;</a>&nbsp;&nbsp;&nbsp;CLK_WaitClockReady
</UL>
<BR>[Called By]<UL><LI><a href="#[64]">&gt;&gt;</a>&nbsp;&nbsp;&nbsp;SYS_Init
</UL>

<P><STRONG><a name="[5d]"></a>CLK_SetHCLK</STRONG> (Thumb, 126 bytes, Stack size 24 bytes, clk.o(.text.CLK_SetHCLK))
<BR><BR>[Stack]<UL><LI>Max Depth = 80<LI>Call Chain = CLK_SetHCLK &rArr; SystemCoreClockUpdate &rArr; CLK_GetPLLClockFreq
</UL>
<BR>[Calls]<UL><LI><a href="#[57]">&gt;&gt;</a>&nbsp;&nbsp;&nbsp;CLK_WaitClockReady
<LI><a href="#[5a]">&gt;&gt;</a>&nbsp;&nbsp;&nbsp;SystemCoreClockUpdate
</UL>
<BR>[Called By]<UL><LI><a href="#[5c]">&gt;&gt;</a>&nbsp;&nbsp;&nbsp;CLK_SetCoreClock
<LI><a href="#[64]">&gt;&gt;</a>&nbsp;&nbsp;&nbsp;SYS_Init
</UL>

<P><STRONG><a name="[69]"></a>CLK_SetModuleClock</STRONG> (Thumb, 134 bytes, Stack size 20 bytes, clk.o(.text.CLK_SetModuleClock))
<BR><BR>[Stack]<UL><LI>Max Depth = 20<LI>Call Chain = CLK_SetModuleClock
</UL>
<BR>[Called By]<UL><LI><a href="#[64]">&gt;&gt;</a>&nbsp;&nbsp;&nbsp;SYS_Init
</UL>

<P><STRONG><a name="[67]"></a>CLK_SetSysTickClockSrc</STRONG> (Thumb, 28 bytes, Stack size 4 bytes, clk.o(.text.CLK_SetSysTickClockSrc))
<BR><BR>[Stack]<UL><LI>Max Depth = 4<LI>Call Chain = CLK_SetSysTickClockSrc
</UL>
<BR>[Called By]<UL><LI><a href="#[64]">&gt;&gt;</a>&nbsp;&nbsp;&nbsp;SYS_Init
</UL>

<P><STRONG><a name="[57]"></a>CLK_WaitClockReady</STRONG> (Thumb, 72 bytes, Stack size 12 bytes, clk.o(.text.CLK_WaitClockReady))
<BR><BR>[Stack]<UL><LI>Max Depth = 12<LI>Call Chain = CLK_WaitClockReady
</UL>
<BR>[Called By]<UL><LI><a href="#[56]">&gt;&gt;</a>&nbsp;&nbsp;&nbsp;CLK_EnablePLL
<LI><a href="#[5c]">&gt;&gt;</a>&nbsp;&nbsp;&nbsp;CLK_SetCoreClock
<LI><a href="#[5d]">&gt;&gt;</a>&nbsp;&nbsp;&nbsp;CLK_SetHCLK
<LI><a href="#[64]">&gt;&gt;</a>&nbsp;&nbsp;&nbsp;SYS_Init
</UL>

<P><STRONG><a name="[82]"></a>EADC_ConfigSampleModule</STRONG> (Thumb, 66 bytes, Stack size 16 bytes, eadc.o(.text.EADC_ConfigSampleModule))
<BR><BR>[Stack]<UL><LI>Max Depth = 16<LI>Call Chain = EADC_ConfigSampleModule
</UL>
<BR>[Called By]<UL><LI><a href="#[7f]">&gt;&gt;</a>&nbsp;&nbsp;&nbsp;adc_read
</UL>

<P><STRONG><a name="[80]"></a>EADC_Open</STRONG> (Thumb, 34 bytes, Stack size 8 bytes, eadc.o(.text.EADC_Open))
<BR><BR>[Stack]<UL><LI>Max Depth = 8<LI>Call Chain = EADC_Open
</UL>
<BR>[Called By]<UL><LI><a href="#[7f]">&gt;&gt;</a>&nbsp;&nbsp;&nbsp;adc_read
</UL>

<P><STRONG><a name="[81]"></a>EADC_SetInternalSampleTime</STRONG> (Thumb, 40 bytes, Stack size 8 bytes, eadc.o(.text.EADC_SetInternalSampleTime))
<BR><BR>[Stack]<UL><LI>Max Depth = 8<LI>Call Chain = EADC_SetInternalSampleTime
</UL>
<BR>[Called By]<UL><LI><a href="#[7f]">&gt;&gt;</a>&nbsp;&nbsp;&nbsp;adc_read
</UL>

<P><STRONG><a name="[19]"></a>EINT5_IRQHandler</STRONG> (Thumb, 38 bytes, Stack size 8 bytes, main.o(.text.EINT5_IRQHandler))
<BR><BR>[Stack]<UL><LI>Max Depth = 8<LI>Call Chain = EINT5_IRQHandler
</UL>
<BR>[Calls]<UL><LI><a href="#[5e]">&gt;&gt;</a>&nbsp;&nbsp;&nbsp;SYS_ResetChip
</UL>
<BR>[Address Reference Count : 1]<UL><LI> startup_m451series.o(RESET)
</UL>
<P><STRONG><a name="[88]"></a>FMC_Close</STRONG> (Thumb, 18 bytes, Stack size 0 bytes, fmc.o(.text.FMC_Close))
<BR><BR>[Called By]<UL><LI><a href="#[8e]">&gt;&gt;</a>&nbsp;&nbsp;&nbsp;save_data
<LI><a href="#[86]">&gt;&gt;</a>&nbsp;&nbsp;&nbsp;load_data
</UL>

<P><STRONG><a name="[6d]"></a>FMC_EnableConfigUpdate</STRONG> (Thumb, 18 bytes, Stack size 0 bytes, fmc.o(.text.FMC_EnableConfigUpdate))
<BR><BR>[Called By]<UL><LI><a href="#[6c]">&gt;&gt;</a>&nbsp;&nbsp;&nbsp;SetDataFlashBase
</UL>

<P><STRONG><a name="[92]"></a>FMC_GetBootSource</STRONG> (Thumb, 38 bytes, Stack size 4 bytes, fmc.o(.text.FMC_GetBootSource))
<BR><BR>[Stack]<UL><LI>Max Depth = 4<LI>Call Chain = FMC_GetBootSource
</UL>
<BR>[Called By]<UL><LI><a href="#[8e]">&gt;&gt;</a>&nbsp;&nbsp;&nbsp;save_data
</UL>

<P><STRONG><a name="[87]"></a>FMC_Open</STRONG> (Thumb, 18 bytes, Stack size 0 bytes, fmc.o(.text.FMC_Open))
<BR><BR>[Called By]<UL><LI><a href="#[8e]">&gt;&gt;</a>&nbsp;&nbsp;&nbsp;save_data
<LI><a href="#[86]">&gt;&gt;</a>&nbsp;&nbsp;&nbsp;load_data
</UL>

<P><STRONG><a name="[5f]"></a>FMC_ReadConfig</STRONG> (Thumb, 96 bytes, Stack size 24 bytes, fmc.o(.text.FMC_ReadConfig))
<BR><BR>[Stack]<UL><LI>Max Depth = 36<LI>Call Chain = FMC_ReadConfig &rArr; FMC_Read
</UL>
<BR>[Calls]<UL><LI><a href="#[60]">&gt;&gt;</a>&nbsp;&nbsp;&nbsp;FMC_Read
</UL>
<BR>[Called By]<UL><LI><a href="#[6c]">&gt;&gt;</a>&nbsp;&nbsp;&nbsp;SetDataFlashBase
</UL>

<P><STRONG><a name="[61]"></a>FMC_WriteConfig</STRONG> (Thumb, 152 bytes, Stack size 24 bytes, fmc.o(.text.FMC_WriteConfig))
<BR><BR>[Stack]<UL><LI>Max Depth = 40<LI>Call Chain = FMC_WriteConfig &rArr; FMC_Write
</UL>
<BR>[Calls]<UL><LI><a href="#[62]">&gt;&gt;</a>&nbsp;&nbsp;&nbsp;FMC_Write
<LI><a href="#[60]">&gt;&gt;</a>&nbsp;&nbsp;&nbsp;FMC_Read
</UL>
<BR>[Called By]<UL><LI><a href="#[6c]">&gt;&gt;</a>&nbsp;&nbsp;&nbsp;SetDataFlashBase
</UL>

<P><STRONG><a name="[89]"></a>GPIO_SetMode</STRONG> (Thumb, 74 bytes, Stack size 16 bytes, gpio.o(.text.GPIO_SetMode))
<BR><BR>[Stack]<UL><LI>Max Depth = 16<LI>Call Chain = GPIO_SetMode
</UL>
<BR>[Called By]<UL><LI><a href="#[91]">&gt;&gt;</a>&nbsp;&nbsp;&nbsp;touch_read
<LI><a href="#[42]">&gt;&gt;</a>&nbsp;&nbsp;&nbsp;main
</UL>

<P><STRONG><a name="[45]"></a>ProcessHardFault</STRONG> (Thumb, 734 bytes, Stack size 72 bytes, retarget.o(.text.ProcessHardFault))
<BR><BR>[Stack]<UL><LI>Max Depth = 96<LI>Call Chain = ProcessHardFault &rArr; printf
</UL>
<BR>[Calls]<UL><LI><a href="#[63]">&gt;&gt;</a>&nbsp;&nbsp;&nbsp;printf
</UL>
<BR>[Address Reference Count : 1]<UL><LI> startup_m451series.o(.text)
</UL>
<P><STRONG><a name="[64]"></a>SYS_Init</STRONG> (Thumb, 234 bytes, Stack size 32 bytes, main.o(.text.SYS_Init))
<BR><BR>[Stack]<UL><LI>Max Depth = 152<LI>Call Chain = SYS_Init &rArr; CLK_SetCoreClock &rArr; CLK_EnablePLL &rArr; CLK_GetPLLClockFreq
</UL>
<BR>[Calls]<UL><LI><a href="#[69]">&gt;&gt;</a>&nbsp;&nbsp;&nbsp;CLK_SetModuleClock
<LI><a href="#[68]">&gt;&gt;</a>&nbsp;&nbsp;&nbsp;CLK_EnableModuleClock
<LI><a href="#[67]">&gt;&gt;</a>&nbsp;&nbsp;&nbsp;CLK_SetSysTickClockSrc
<LI><a href="#[5c]">&gt;&gt;</a>&nbsp;&nbsp;&nbsp;CLK_SetCoreClock
<LI><a href="#[66]">&gt;&gt;</a>&nbsp;&nbsp;&nbsp;CLK_DisablePLL
<LI><a href="#[5d]">&gt;&gt;</a>&nbsp;&nbsp;&nbsp;CLK_SetHCLK
<LI><a href="#[57]">&gt;&gt;</a>&nbsp;&nbsp;&nbsp;CLK_WaitClockReady
<LI><a href="#[65]">&gt;&gt;</a>&nbsp;&nbsp;&nbsp;CLK_EnableXtalRC
</UL>
<BR>[Called By]<UL><LI><a href="#[42]">&gt;&gt;</a>&nbsp;&nbsp;&nbsp;main
</UL>

<P><STRONG><a name="[5e]"></a>SYS_ResetChip</STRONG> (Thumb, 16 bytes, Stack size 0 bytes, sys.o(.text.SYS_ResetChip))
<BR><BR>[Called By]<UL><LI><a href="#[19]">&gt;&gt;</a>&nbsp;&nbsp;&nbsp;EINT5_IRQHandler
</UL>

<P><STRONG><a name="[77]"></a>SYS_ResetModule</STRONG> (Thumb, 54 bytes, Stack size 4 bytes, sys.o(.text.SYS_ResetModule))
<BR><BR>[Stack]<UL><LI>Max Depth = 4<LI>Call Chain = SYS_ResetModule
</UL>
<BR>[Called By]<UL><LI><a href="#[76]">&gt;&gt;</a>&nbsp;&nbsp;&nbsp;UART1_Init
</UL>

<P><STRONG><a name="[6a]"></a>SendChar</STRONG> (Thumb, 16 bytes, Stack size 16 bytes, retarget.o(.text.SendChar))
<BR><BR>[Stack]<UL><LI>Max Depth = 20<LI>Call Chain = SendChar &rArr; SendChar_ToUART
</UL>
<BR>[Calls]<UL><LI><a href="#[6b]">&gt;&gt;</a>&nbsp;&nbsp;&nbsp;SendChar_ToUART
</UL>
<BR>[Called By]<UL><LI><a href="#[46]">&gt;&gt;</a>&nbsp;&nbsp;&nbsp;fputc
</UL>

<P><STRONG><a name="[6b]"></a>SendChar_ToUART</STRONG> (Thumb, 88 bytes, Stack size 4 bytes, retarget.o(.text.SendChar_ToUART))
<BR><BR>[Stack]<UL><LI>Max Depth = 4<LI>Call Chain = SendChar_ToUART
</UL>
<BR>[Called By]<UL><LI><a href="#[6a]">&gt;&gt;</a>&nbsp;&nbsp;&nbsp;SendChar
</UL>

<P><STRONG><a name="[5a]"></a>SystemCoreClockUpdate</STRONG> (Thumb, 150 bytes, Stack size 24 bytes, system_m451series.o(.text.SystemCoreClockUpdate))
<BR><BR>[Stack]<UL><LI>Max Depth = 56<LI>Call Chain = SystemCoreClockUpdate &rArr; CLK_GetPLLClockFreq
</UL>
<BR>[Calls]<UL><LI><a href="#[6f]">&gt;&gt;</a>&nbsp;&nbsp;&nbsp;CLK_GetPLLClockFreq
</UL>
<BR>[Called By]<UL><LI><a href="#[5b]">&gt;&gt;</a>&nbsp;&nbsp;&nbsp;CLK_GetPCLK1Freq
<LI><a href="#[59]">&gt;&gt;</a>&nbsp;&nbsp;&nbsp;CLK_GetPCLK0Freq
<LI><a href="#[5d]">&gt;&gt;</a>&nbsp;&nbsp;&nbsp;CLK_SetHCLK
</UL>

<P><STRONG><a name="[43]"></a>SystemInit</STRONG> (Thumb, 78 bytes, Stack size 8 bytes, system_m451series.o(.text.SystemInit))
<BR><BR>[Stack]<UL><LI>Max Depth = 12<LI>Call Chain = SystemInit &rArr; SYS_UnlockReg
</UL>
<BR>[Calls]<UL><LI><a href="#[71]">&gt;&gt;</a>&nbsp;&nbsp;&nbsp;SYS_LockReg
<LI><a href="#[70]">&gt;&gt;</a>&nbsp;&nbsp;&nbsp;SYS_UnlockReg
</UL>
<BR>[Address Reference Count : 1]<UL><LI> startup_m451series.o(.text)
</UL>
<P><STRONG><a name="[72]"></a>TIMER_GetModuleClock</STRONG> (Thumb, 248 bytes, Stack size 56 bytes, timer.o(.text.TIMER_GetModuleClock))
<BR><BR>[Stack]<UL><LI>Max Depth = 128<LI>Call Chain = TIMER_GetModuleClock &rArr; CLK_GetPCLK1Freq &rArr; SystemCoreClockUpdate &rArr; CLK_GetPLLClockFreq
</UL>
<BR>[Calls]<UL><LI><a href="#[5b]">&gt;&gt;</a>&nbsp;&nbsp;&nbsp;CLK_GetPCLK1Freq
<LI><a href="#[59]">&gt;&gt;</a>&nbsp;&nbsp;&nbsp;CLK_GetPCLK0Freq
</UL>
<BR>[Called By]<UL><LI><a href="#[73]">&gt;&gt;</a>&nbsp;&nbsp;&nbsp;TIMER_Open
</UL>

<P><STRONG><a name="[73]"></a>TIMER_Open</STRONG> (Thumb, 114 bytes, Stack size 32 bytes, timer.o(.text.TIMER_Open))
<BR><BR>[Stack]<UL><LI>Max Depth = 160<LI>Call Chain = TIMER_Open &rArr; TIMER_GetModuleClock &rArr; CLK_GetPCLK1Freq &rArr; SystemCoreClockUpdate &rArr; CLK_GetPLLClockFreq
</UL>
<BR>[Calls]<UL><LI><a href="#[72]">&gt;&gt;</a>&nbsp;&nbsp;&nbsp;TIMER_GetModuleClock
</UL>
<BR>[Called By]<UL><LI><a href="#[42]">&gt;&gt;</a>&nbsp;&nbsp;&nbsp;main
</UL>

<P><STRONG><a name="[2a]"></a>TMR0_IRQHandler</STRONG> (Thumb, 76 bytes, Stack size 8 bytes, main.o(.text.TMR0_IRQHandler))
<BR><BR>[Stack]<UL><LI>Max Depth = 12<LI>Call Chain = TMR0_IRQHandler &rArr; TIMER_ClearIntFlag
</UL>
<BR>[Calls]<UL><LI><a href="#[75]">&gt;&gt;</a>&nbsp;&nbsp;&nbsp;TIMER_ClearIntFlag
<LI><a href="#[74]">&gt;&gt;</a>&nbsp;&nbsp;&nbsp;TIMER_GetIntFlag
</UL>
<BR>[Address Reference Count : 1]<UL><LI> startup_m451series.o(RESET)
</UL>
<P><STRONG><a name="[2f]"></a>UART1_IRQHandler</STRONG> (Thumb, 934 bytes, Stack size 20 bytes, main.o(.text.UART1_IRQHandler))
<BR><BR>[Stack]<UL><LI>Max Depth = 20<LI>Call Chain = UART1_IRQHandler
</UL>
<BR>[Address Reference Count : 1]<UL><LI> startup_m451series.o(RESET)
</UL>
<P><STRONG><a name="[76]"></a>UART1_Init</STRONG> (Thumb, 30 bytes, Stack size 8 bytes, main.o(.text.UART1_Init))
<BR><BR>[Stack]<UL><LI>Max Depth = 80<LI>Call Chain = UART1_Init &rArr; UART_Open &rArr; CLK_GetPLLClockFreq
</UL>
<BR>[Calls]<UL><LI><a href="#[78]">&gt;&gt;</a>&nbsp;&nbsp;&nbsp;UART_Open
<LI><a href="#[77]">&gt;&gt;</a>&nbsp;&nbsp;&nbsp;SYS_ResetModule
</UL>
<BR>[Called By]<UL><LI><a href="#[42]">&gt;&gt;</a>&nbsp;&nbsp;&nbsp;main
</UL>

<P><STRONG><a name="[8c]"></a>UART_EnableInt</STRONG> (Thumb, 20 bytes, Stack size 8 bytes, uart.o(.text.UART_EnableInt))
<BR><BR>[Stack]<UL><LI>Max Depth = 8<LI>Call Chain = UART_EnableInt
</UL>
<BR>[Called By]<UL><LI><a href="#[42]">&gt;&gt;</a>&nbsp;&nbsp;&nbsp;main
</UL>

<P><STRONG><a name="[78]"></a>UART_Open</STRONG> (Thumb, 240 bytes, Stack size 40 bytes, uart.o(.text.UART_Open))
<BR><BR>[Stack]<UL><LI>Max Depth = 72<LI>Call Chain = UART_Open &rArr; CLK_GetPLLClockFreq
</UL>
<BR>[Calls]<UL><LI><a href="#[79]">&gt;&gt;</a>&nbsp;&nbsp;&nbsp;CLK_GetPLLClockFreq
</UL>
<BR>[Called By]<UL><LI><a href="#[76]">&gt;&gt;</a>&nbsp;&nbsp;&nbsp;UART1_Init
</UL>

<P><STRONG><a name="[8d]"></a>UART_Write</STRONG> (Thumb, 106 bytes, Stack size 24 bytes, uart.o(.text.UART_Write))
<BR><BR>[Stack]<UL><LI>Max Depth = 24<LI>Call Chain = UART_Write
</UL>
<BR>[Called By]<UL><LI><a href="#[91]">&gt;&gt;</a>&nbsp;&nbsp;&nbsp;touch_read
<LI><a href="#[42]">&gt;&gt;</a>&nbsp;&nbsp;&nbsp;main
</UL>

<P><STRONG><a name="[7a]"></a>VerifyData</STRONG> (Thumb, 74 bytes, Stack size 32 bytes, main.o(.text.VerifyData))
<BR><BR>[Stack]<UL><LI>Max Depth = 44<LI>Call Chain = VerifyData &rArr; FMC_Read
</UL>
<BR>[Calls]<UL><LI><a href="#[7b]">&gt;&gt;</a>&nbsp;&nbsp;&nbsp;FMC_Read
</UL>
<BR>[Called By]<UL><LI><a href="#[8e]">&gt;&gt;</a>&nbsp;&nbsp;&nbsp;save_data
</UL>

<P><STRONG><a name="[12]"></a>WDT_IRQHandler</STRONG> (Thumb, 2 bytes, Stack size 0 bytes, main.o(.text.WDT_IRQHandler))
<BR>[Address Reference Count : 1]<UL><LI> startup_m451series.o(RESET)
</UL>
<P><STRONG><a name="[8f]"></a>WDT_Open</STRONG> (Thumb, 50 bytes, Stack size 16 bytes, wdt.o(.text.WDT_Open))
<BR><BR>[Stack]<UL><LI>Max Depth = 16<LI>Call Chain = WDT_Open
</UL>
<BR>[Called By]<UL><LI><a href="#[42]">&gt;&gt;</a>&nbsp;&nbsp;&nbsp;main
</UL>

<P><STRONG><a name="[7c]"></a>WDT_rst</STRONG> (Thumb, 30 bytes, Stack size 8 bytes, main.o(.text.WDT_rst))
<BR><BR>[Stack]<UL><LI>Max Depth = 12<LI>Call Chain = WDT_rst &rArr; SYS_UnlockReg
</UL>
<BR>[Calls]<UL><LI><a href="#[7e]">&gt;&gt;</a>&nbsp;&nbsp;&nbsp;SYS_LockReg
<LI><a href="#[7d]">&gt;&gt;</a>&nbsp;&nbsp;&nbsp;SYS_UnlockReg
</UL>
<BR>[Called By]<UL><LI><a href="#[42]">&gt;&gt;</a>&nbsp;&nbsp;&nbsp;main
</UL>

<P><STRONG><a name="[84]"></a>calibratePoint</STRONG> (Thumb, 386 bytes, Stack size 56 bytes, main.o(.text.calibratePoint))
<BR><BR>[Stack]<UL><LI>Max Depth = 72<LI>Call Chain = calibratePoint &rArr; map
</UL>
<BR>[Calls]<UL><LI><a href="#[85]">&gt;&gt;</a>&nbsp;&nbsp;&nbsp;map
</UL>
<BR>[Called By]<UL><LI><a href="#[91]">&gt;&gt;</a>&nbsp;&nbsp;&nbsp;touch_read
</UL>

<P><STRONG><a name="[46]"></a>fputc</STRONG> (Thumb, 20 bytes, Stack size 16 bytes, retarget.o(.text.fputc))
<BR><BR>[Stack]<UL><LI>Max Depth = 36<LI>Call Chain = fputc &rArr; SendChar &rArr; SendChar_ToUART
</UL>
<BR>[Calls]<UL><LI><a href="#[6a]">&gt;&gt;</a>&nbsp;&nbsp;&nbsp;SendChar
</UL>
<BR>[Address Reference Count : 1]<UL><LI> printfa.o(i.__0printf)
</UL>
<P><STRONG><a name="[86]"></a>load_data</STRONG> (Thumb, 402 bytes, Stack size 64 bytes, main.o(.text.load_data))
<BR><BR>[Stack]<UL><LI>Max Depth = 128<LI>Call Chain = load_data &rArr; SetDataFlashBase &rArr; FMC_WriteConfig &rArr; FMC_Write
</UL>
<BR>[Calls]<UL><LI><a href="#[88]">&gt;&gt;</a>&nbsp;&nbsp;&nbsp;FMC_Close
<LI><a href="#[87]">&gt;&gt;</a>&nbsp;&nbsp;&nbsp;FMC_Open
<LI><a href="#[7b]">&gt;&gt;</a>&nbsp;&nbsp;&nbsp;FMC_Read
<LI><a href="#[6c]">&gt;&gt;</a>&nbsp;&nbsp;&nbsp;SetDataFlashBase
<LI><a href="#[7e]">&gt;&gt;</a>&nbsp;&nbsp;&nbsp;SYS_LockReg
<LI><a href="#[7d]">&gt;&gt;</a>&nbsp;&nbsp;&nbsp;SYS_UnlockReg
</UL>
<BR>[Called By]<UL><LI><a href="#[42]">&gt;&gt;</a>&nbsp;&nbsp;&nbsp;main
</UL>

<P><STRONG><a name="[42]"></a>main</STRONG> (Thumb, 928 bytes, Stack size 64 bytes, main.o(.text.main))
<BR><BR>[Stack]<UL><LI>Max Depth = 224<LI>Call Chain = main &rArr; touch_read &rArr; calibratePoint &rArr; map
</UL>
<BR>[Calls]<UL><LI><a href="#[7c]">&gt;&gt;</a>&nbsp;&nbsp;&nbsp;WDT_rst
<LI><a href="#[91]">&gt;&gt;</a>&nbsp;&nbsp;&nbsp;touch_read
<LI><a href="#[8f]">&gt;&gt;</a>&nbsp;&nbsp;&nbsp;WDT_Open
<LI><a href="#[8e]">&gt;&gt;</a>&nbsp;&nbsp;&nbsp;save_data
<LI><a href="#[86]">&gt;&gt;</a>&nbsp;&nbsp;&nbsp;load_data
<LI><a href="#[8d]">&gt;&gt;</a>&nbsp;&nbsp;&nbsp;UART_Write
<LI><a href="#[8c]">&gt;&gt;</a>&nbsp;&nbsp;&nbsp;UART_EnableInt
<LI><a href="#[73]">&gt;&gt;</a>&nbsp;&nbsp;&nbsp;TIMER_Open
<LI><a href="#[89]">&gt;&gt;</a>&nbsp;&nbsp;&nbsp;GPIO_SetMode
<LI><a href="#[76]">&gt;&gt;</a>&nbsp;&nbsp;&nbsp;UART1_Init
<LI><a href="#[64]">&gt;&gt;</a>&nbsp;&nbsp;&nbsp;SYS_Init
<LI><a href="#[90]">&gt;&gt;</a>&nbsp;&nbsp;&nbsp;WDT_EnableInt
<LI><a href="#[8b]">&gt;&gt;</a>&nbsp;&nbsp;&nbsp;TIMER_Start
<LI><a href="#[83]">&gt;&gt;</a>&nbsp;&nbsp;&nbsp;__NVIC_EnableIRQ
<LI><a href="#[8a]">&gt;&gt;</a>&nbsp;&nbsp;&nbsp;TIMER_EnableInt
<LI><a href="#[7e]">&gt;&gt;</a>&nbsp;&nbsp;&nbsp;SYS_LockReg
<LI><a href="#[7d]">&gt;&gt;</a>&nbsp;&nbsp;&nbsp;SYS_UnlockReg
</UL>
<BR>[Address Reference Count : 1]<UL><LI> entry9a.o(.ARM.Collect$$$$0000000B)
</UL>
<P><STRONG><a name="[8e]"></a>save_data</STRONG> (Thumb, 606 bytes, Stack size 80 bytes, main.o(.text.save_data))
<BR><BR>[Stack]<UL><LI>Max Depth = 144<LI>Call Chain = save_data &rArr; SetDataFlashBase &rArr; FMC_WriteConfig &rArr; FMC_Write
</UL>
<BR>[Calls]<UL><LI><a href="#[7a]">&gt;&gt;</a>&nbsp;&nbsp;&nbsp;VerifyData
<LI><a href="#[92]">&gt;&gt;</a>&nbsp;&nbsp;&nbsp;FMC_GetBootSource
<LI><a href="#[88]">&gt;&gt;</a>&nbsp;&nbsp;&nbsp;FMC_Close
<LI><a href="#[87]">&gt;&gt;</a>&nbsp;&nbsp;&nbsp;FMC_Open
<LI><a href="#[93]">&gt;&gt;</a>&nbsp;&nbsp;&nbsp;FMC_Write
<LI><a href="#[6e]">&gt;&gt;</a>&nbsp;&nbsp;&nbsp;FMC_Erase
<LI><a href="#[7b]">&gt;&gt;</a>&nbsp;&nbsp;&nbsp;FMC_Read
<LI><a href="#[6c]">&gt;&gt;</a>&nbsp;&nbsp;&nbsp;SetDataFlashBase
<LI><a href="#[7e]">&gt;&gt;</a>&nbsp;&nbsp;&nbsp;SYS_LockReg
<LI><a href="#[7d]">&gt;&gt;</a>&nbsp;&nbsp;&nbsp;SYS_UnlockReg
</UL>
<BR>[Called By]<UL><LI><a href="#[42]">&gt;&gt;</a>&nbsp;&nbsp;&nbsp;main
</UL>

<P><STRONG><a name="[91]"></a>touch_read</STRONG> (Thumb, 1984 bytes, Stack size 88 bytes, main.o(.text.touch_read))
<BR><BR>[Stack]<UL><LI>Max Depth = 160<LI>Call Chain = touch_read &rArr; calibratePoint &rArr; map
</UL>
<BR>[Calls]<UL><LI><a href="#[84]">&gt;&gt;</a>&nbsp;&nbsp;&nbsp;calibratePoint
<LI><a href="#[8d]">&gt;&gt;</a>&nbsp;&nbsp;&nbsp;UART_Write
<LI><a href="#[89]">&gt;&gt;</a>&nbsp;&nbsp;&nbsp;GPIO_SetMode
<LI><a href="#[7f]">&gt;&gt;</a>&nbsp;&nbsp;&nbsp;adc_read
</UL>
<BR>[Called By]<UL><LI><a href="#[42]">&gt;&gt;</a>&nbsp;&nbsp;&nbsp;main
</UL>

<P><STRONG><a name="[94]"></a>__0printf</STRONG> (Thumb, 22 bytes, Stack size 24 bytes, printfa.o(i.__0printf), UNUSED)
<BR><BR>[Calls]<UL><LI><a href="#[95]">&gt;&gt;</a>&nbsp;&nbsp;&nbsp;_printf_core
</UL>

<P><STRONG><a name="[a7]"></a>__1printf</STRONG> (Thumb, 0 bytes, Stack size 24 bytes, printfa.o(i.__0printf), UNUSED)

<P><STRONG><a name="[a8]"></a>__2printf</STRONG> (Thumb, 0 bytes, Stack size 24 bytes, printfa.o(i.__0printf), UNUSED)

<P><STRONG><a name="[a9]"></a>__c89printf</STRONG> (Thumb, 0 bytes, Stack size 24 bytes, printfa.o(i.__0printf), UNUSED)

<P><STRONG><a name="[63]"></a>printf</STRONG> (Thumb, 0 bytes, Stack size 24 bytes, printfa.o(i.__0printf))
<BR><BR>[Stack]<UL><LI>Max Depth = 24<LI>Call Chain = printf
</UL>
<BR>[Called By]<UL><LI><a href="#[45]">&gt;&gt;</a>&nbsp;&nbsp;&nbsp;ProcessHardFault
</UL>

<P><STRONG><a name="[aa]"></a>__scatterload_copy</STRONG> (Thumb, 14 bytes, Stack size unknown bytes, handlers.o(i.__scatterload_copy), UNUSED)

<P><STRONG><a name="[ab]"></a>__scatterload_null</STRONG> (Thumb, 2 bytes, Stack size unknown bytes, handlers.o(i.__scatterload_null), UNUSED)

<P><STRONG><a name="[ac]"></a>__scatterload_zeroinit</STRONG> (Thumb, 14 bytes, Stack size unknown bytes, handlers.o(i.__scatterload_zeroinit), UNUSED)
<P>
<H3>
Local Symbols
</H3>
<P><STRONG><a name="[6f]"></a>CLK_GetPLLClockFreq</STRONG> (Thumb, 172 bytes, Stack size 32 bytes, system_m451series.o(.text.CLK_GetPLLClockFreq))
<BR><BR>[Stack]<UL><LI>Max Depth = 32<LI>Call Chain = CLK_GetPLLClockFreq
</UL>
<BR>[Called By]<UL><LI><a href="#[5a]">&gt;&gt;</a>&nbsp;&nbsp;&nbsp;SystemCoreClockUpdate
</UL>

<P><STRONG><a name="[70]"></a>SYS_UnlockReg</STRONG> (Thumb, 68 bytes, Stack size 4 bytes, system_m451series.o(.text.SYS_UnlockReg))
<BR><BR>[Stack]<UL><LI>Max Depth = 4<LI>Call Chain = SYS_UnlockReg
</UL>
<BR>[Called By]<UL><LI><a href="#[43]">&gt;&gt;</a>&nbsp;&nbsp;&nbsp;SystemInit
</UL>

<P><STRONG><a name="[71]"></a>SYS_LockReg</STRONG> (Thumb, 14 bytes, Stack size 0 bytes, system_m451series.o(.text.SYS_LockReg))
<BR><BR>[Called By]<UL><LI><a href="#[43]">&gt;&gt;</a>&nbsp;&nbsp;&nbsp;SystemInit
</UL>

<P><STRONG><a name="[f]"></a>Default_Handler</STRONG> (Thumb, 2 bytes, Stack size 0 bytes, startup_m451series.o(.text))
<BR><BR>[Calls]<UL><LI><a href="#[f]">&gt;&gt;</a>&nbsp;&nbsp;&nbsp;Default_Handler
</UL>
<BR>[Called By]<UL><LI><a href="#[f]">&gt;&gt;</a>&nbsp;&nbsp;&nbsp;Default_Handler
</UL>
<BR>[Address Reference Count : 1]<UL><LI> startup_m451series.o(RESET)
</UL>
<P><STRONG><a name="[74]"></a>TIMER_GetIntFlag</STRONG> (Thumb, 16 bytes, Stack size 4 bytes, main.o(.text.TIMER_GetIntFlag))
<BR><BR>[Stack]<UL><LI>Max Depth = 4<LI>Call Chain = TIMER_GetIntFlag
</UL>
<BR>[Called By]<UL><LI><a href="#[2a]">&gt;&gt;</a>&nbsp;&nbsp;&nbsp;TMR0_IRQHandler
</UL>

<P><STRONG><a name="[75]"></a>TIMER_ClearIntFlag</STRONG> (Thumb, 24 bytes, Stack size 4 bytes, main.o(.text.TIMER_ClearIntFlag))
<BR><BR>[Stack]<UL><LI>Max Depth = 4<LI>Call Chain = TIMER_ClearIntFlag
</UL>
<BR>[Called By]<UL><LI><a href="#[2a]">&gt;&gt;</a>&nbsp;&nbsp;&nbsp;TMR0_IRQHandler
</UL>

<P><STRONG><a name="[7d]"></a>SYS_UnlockReg</STRONG> (Thumb, 68 bytes, Stack size 4 bytes, main.o(.text.SYS_UnlockReg))
<BR><BR>[Stack]<UL><LI>Max Depth = 4<LI>Call Chain = SYS_UnlockReg
</UL>
<BR>[Called By]<UL><LI><a href="#[7c]">&gt;&gt;</a>&nbsp;&nbsp;&nbsp;WDT_rst
<LI><a href="#[8e]">&gt;&gt;</a>&nbsp;&nbsp;&nbsp;save_data
<LI><a href="#[86]">&gt;&gt;</a>&nbsp;&nbsp;&nbsp;load_data
<LI><a href="#[42]">&gt;&gt;</a>&nbsp;&nbsp;&nbsp;main
</UL>

<P><STRONG><a name="[7e]"></a>SYS_LockReg</STRONG> (Thumb, 14 bytes, Stack size 0 bytes, main.o(.text.SYS_LockReg))
<BR><BR>[Called By]<UL><LI><a href="#[7c]">&gt;&gt;</a>&nbsp;&nbsp;&nbsp;WDT_rst
<LI><a href="#[8e]">&gt;&gt;</a>&nbsp;&nbsp;&nbsp;save_data
<LI><a href="#[86]">&gt;&gt;</a>&nbsp;&nbsp;&nbsp;load_data
<LI><a href="#[42]">&gt;&gt;</a>&nbsp;&nbsp;&nbsp;main
</UL>

<P><STRONG><a name="[8a]"></a>TIMER_EnableInt</STRONG> (Thumb, 18 bytes, Stack size 4 bytes, main.o(.text.TIMER_EnableInt))
<BR><BR>[Stack]<UL><LI>Max Depth = 4<LI>Call Chain = TIMER_EnableInt
</UL>
<BR>[Called By]<UL><LI><a href="#[42]">&gt;&gt;</a>&nbsp;&nbsp;&nbsp;main
</UL>

<P><STRONG><a name="[83]"></a>__NVIC_EnableIRQ</STRONG> (Thumb, 48 bytes, Stack size 4 bytes, main.o(.text.__NVIC_EnableIRQ))
<BR><BR>[Stack]<UL><LI>Max Depth = 4<LI>Call Chain = __NVIC_EnableIRQ
</UL>
<BR>[Called By]<UL><LI><a href="#[42]">&gt;&gt;</a>&nbsp;&nbsp;&nbsp;main
<LI><a href="#[7f]">&gt;&gt;</a>&nbsp;&nbsp;&nbsp;adc_read
</UL>

<P><STRONG><a name="[8b]"></a>TIMER_Start</STRONG> (Thumb, 18 bytes, Stack size 4 bytes, main.o(.text.TIMER_Start))
<BR><BR>[Stack]<UL><LI>Max Depth = 4<LI>Call Chain = TIMER_Start
</UL>
<BR>[Called By]<UL><LI><a href="#[42]">&gt;&gt;</a>&nbsp;&nbsp;&nbsp;main
</UL>

<P><STRONG><a name="[90]"></a>WDT_EnableInt</STRONG> (Thumb, 16 bytes, Stack size 0 bytes, main.o(.text.WDT_EnableInt))
<BR><BR>[Called By]<UL><LI><a href="#[42]">&gt;&gt;</a>&nbsp;&nbsp;&nbsp;main
</UL>

<P><STRONG><a name="[6c]"></a>SetDataFlashBase</STRONG> (Thumb, 100 bytes, Stack size 24 bytes, main.o(.text.SetDataFlashBase))
<BR><BR>[Stack]<UL><LI>Max Depth = 64<LI>Call Chain = SetDataFlashBase &rArr; FMC_WriteConfig &rArr; FMC_Write
</UL>
<BR>[Calls]<UL><LI><a href="#[61]">&gt;&gt;</a>&nbsp;&nbsp;&nbsp;FMC_WriteConfig
<LI><a href="#[6d]">&gt;&gt;</a>&nbsp;&nbsp;&nbsp;FMC_EnableConfigUpdate
<LI><a href="#[5f]">&gt;&gt;</a>&nbsp;&nbsp;&nbsp;FMC_ReadConfig
<LI><a href="#[6e]">&gt;&gt;</a>&nbsp;&nbsp;&nbsp;FMC_Erase
</UL>
<BR>[Called By]<UL><LI><a href="#[8e]">&gt;&gt;</a>&nbsp;&nbsp;&nbsp;save_data
<LI><a href="#[86]">&gt;&gt;</a>&nbsp;&nbsp;&nbsp;load_data
</UL>

<P><STRONG><a name="[7b]"></a>FMC_Read</STRONG> (Thumb, 140 bytes, Stack size 12 bytes, main.o(.text.FMC_Read))
<BR><BR>[Stack]<UL><LI>Max Depth = 12<LI>Call Chain = FMC_Read
</UL>
<BR>[Called By]<UL><LI><a href="#[7a]">&gt;&gt;</a>&nbsp;&nbsp;&nbsp;VerifyData
<LI><a href="#[8e]">&gt;&gt;</a>&nbsp;&nbsp;&nbsp;save_data
<LI><a href="#[86]">&gt;&gt;</a>&nbsp;&nbsp;&nbsp;load_data
</UL>

<P><STRONG><a name="[6e]"></a>FMC_Erase</STRONG> (Thumb, 172 bytes, Stack size 12 bytes, main.o(.text.FMC_Erase))
<BR><BR>[Stack]<UL><LI>Max Depth = 12<LI>Call Chain = FMC_Erase
</UL>
<BR>[Called By]<UL><LI><a href="#[8e]">&gt;&gt;</a>&nbsp;&nbsp;&nbsp;save_data
<LI><a href="#[6c]">&gt;&gt;</a>&nbsp;&nbsp;&nbsp;SetDataFlashBase
</UL>

<P><STRONG><a name="[93]"></a>FMC_Write</STRONG> (Thumb, 138 bytes, Stack size 16 bytes, main.o(.text.FMC_Write))
<BR><BR>[Stack]<UL><LI>Max Depth = 16<LI>Call Chain = FMC_Write
</UL>
<BR>[Called By]<UL><LI><a href="#[8e]">&gt;&gt;</a>&nbsp;&nbsp;&nbsp;save_data
</UL>

<P><STRONG><a name="[7f]"></a>adc_read</STRONG> (Thumb, 226 bytes, Stack size 32 bytes, main.o(.text.adc_read))
<BR><BR>[Stack]<UL><LI>Max Depth = 48<LI>Call Chain = adc_read &rArr; EADC_ConfigSampleModule
</UL>
<BR>[Calls]<UL><LI><a href="#[82]">&gt;&gt;</a>&nbsp;&nbsp;&nbsp;EADC_ConfigSampleModule
<LI><a href="#[81]">&gt;&gt;</a>&nbsp;&nbsp;&nbsp;EADC_SetInternalSampleTime
<LI><a href="#[80]">&gt;&gt;</a>&nbsp;&nbsp;&nbsp;EADC_Open
<LI><a href="#[83]">&gt;&gt;</a>&nbsp;&nbsp;&nbsp;__NVIC_EnableIRQ
</UL>
<BR>[Called By]<UL><LI><a href="#[91]">&gt;&gt;</a>&nbsp;&nbsp;&nbsp;touch_read
</UL>

<P><STRONG><a name="[85]"></a>map</STRONG> (Thumb, 42 bytes, Stack size 16 bytes, main.o(.text.map))
<BR><BR>[Stack]<UL><LI>Max Depth = 16<LI>Call Chain = map
</UL>
<BR>[Called By]<UL><LI><a href="#[84]">&gt;&gt;</a>&nbsp;&nbsp;&nbsp;calibratePoint
</UL>

<P><STRONG><a name="[58]"></a>CLK_GetPLLClockFreq</STRONG> (Thumb, 172 bytes, Stack size 32 bytes, clk.o(.text.CLK_GetPLLClockFreq))
<BR><BR>[Stack]<UL><LI>Max Depth = 32<LI>Call Chain = CLK_GetPLLClockFreq
</UL>
<BR>[Called By]<UL><LI><a href="#[56]">&gt;&gt;</a>&nbsp;&nbsp;&nbsp;CLK_EnablePLL
</UL>

<P><STRONG><a name="[79]"></a>CLK_GetPLLClockFreq</STRONG> (Thumb, 172 bytes, Stack size 32 bytes, uart.o(.text.CLK_GetPLLClockFreq))
<BR><BR>[Stack]<UL><LI>Max Depth = 32<LI>Call Chain = CLK_GetPLLClockFreq
</UL>
<BR>[Called By]<UL><LI><a href="#[78]">&gt;&gt;</a>&nbsp;&nbsp;&nbsp;UART_Open
</UL>

<P><STRONG><a name="[60]"></a>FMC_Read</STRONG> (Thumb, 140 bytes, Stack size 12 bytes, fmc.o(.text.FMC_Read))
<BR><BR>[Stack]<UL><LI>Max Depth = 12<LI>Call Chain = FMC_Read
</UL>
<BR>[Called By]<UL><LI><a href="#[61]">&gt;&gt;</a>&nbsp;&nbsp;&nbsp;FMC_WriteConfig
<LI><a href="#[5f]">&gt;&gt;</a>&nbsp;&nbsp;&nbsp;FMC_ReadConfig
</UL>

<P><STRONG><a name="[62]"></a>FMC_Write</STRONG> (Thumb, 138 bytes, Stack size 16 bytes, fmc.o(.text.FMC_Write))
<BR><BR>[Stack]<UL><LI>Max Depth = 16<LI>Call Chain = FMC_Write
</UL>
<BR>[Called By]<UL><LI><a href="#[61]">&gt;&gt;</a>&nbsp;&nbsp;&nbsp;FMC_WriteConfig
</UL>

<P><STRONG><a name="[96]"></a>_fp_digits</STRONG> (Thumb, 366 bytes, Stack size 64 bytes, printfa.o(i._fp_digits), UNUSED)
<BR><BR>[Calls]<UL><LI><a href="#[49]">&gt;&gt;</a>&nbsp;&nbsp;&nbsp;__aeabi_uldivmod
<LI><a href="#[52]">&gt;&gt;</a>&nbsp;&nbsp;&nbsp;__aeabi_dmul
<LI><a href="#[53]">&gt;&gt;</a>&nbsp;&nbsp;&nbsp;__aeabi_ddiv
<LI><a href="#[4c]">&gt;&gt;</a>&nbsp;&nbsp;&nbsp;__aeabi_dadd
<LI><a href="#[54]">&gt;&gt;</a>&nbsp;&nbsp;&nbsp;__aeabi_d2ulz
<LI><a href="#[97]">&gt;&gt;</a>&nbsp;&nbsp;&nbsp;__aeabi_cdrcmple
</UL>
<BR>[Called By]<UL><LI><a href="#[95]">&gt;&gt;</a>&nbsp;&nbsp;&nbsp;_printf_core
</UL>

<P><STRONG><a name="[95]"></a>_printf_core</STRONG> (Thumb, 1744 bytes, Stack size 136 bytes, printfa.o(i._printf_core), UNUSED)
<BR><BR>[Calls]<UL><LI><a href="#[49]">&gt;&gt;</a>&nbsp;&nbsp;&nbsp;__aeabi_uldivmod
<LI><a href="#[9a]">&gt;&gt;</a>&nbsp;&nbsp;&nbsp;__aeabi_uidivmod
<LI><a href="#[98]">&gt;&gt;</a>&nbsp;&nbsp;&nbsp;_printf_pre_padding
<LI><a href="#[99]">&gt;&gt;</a>&nbsp;&nbsp;&nbsp;_printf_post_padding
<LI><a href="#[96]">&gt;&gt;</a>&nbsp;&nbsp;&nbsp;_fp_digits
</UL>
<BR>[Called By]<UL><LI><a href="#[94]">&gt;&gt;</a>&nbsp;&nbsp;&nbsp;__0printf
</UL>

<P><STRONG><a name="[99]"></a>_printf_post_padding</STRONG> (Thumb, 36 bytes, Stack size 24 bytes, printfa.o(i._printf_post_padding), UNUSED)
<BR><BR>[Called By]<UL><LI><a href="#[95]">&gt;&gt;</a>&nbsp;&nbsp;&nbsp;_printf_core
</UL>

<P><STRONG><a name="[98]"></a>_printf_pre_padding</STRONG> (Thumb, 46 bytes, Stack size 24 bytes, printfa.o(i._printf_pre_padding), UNUSED)
<BR><BR>[Called By]<UL><LI><a href="#[95]">&gt;&gt;</a>&nbsp;&nbsp;&nbsp;_printf_core
</UL>
<P>
<H3>
Undefined Global Symbols
</H3><HR></body></html>
