<html>
<body>
<pre>
<h1>µVision Build Log</h1>
<h2>Tool Versions:</h2>
IDE-Version: µVision V5.43.1.0
Copyright (C) 2025 ARM Ltd and ARM Germany GmbH. All rights reserved.
License Information: Rh Silicon, None, LIC=----
 
Tool Versions:
Toolchain:       MDK-Lite  Version: 5.43.0.0
Toolchain Path:  C:\Users\Robson\AppData\Local\Keil_v5\ARM\ARMCLANG\Bin
C Compiler:      ArmClang.exe V6.24
Assembler:       Armasm.exe V6.24
Linker/Locator:  ArmLink.exe V6.24
Library Manager: ArmAr.exe V6.24
Hex Converter:   FromElf.exe V6.24
CPU DLL:         SARMCM3.DLL V5.43.0.0
Dialog DLL:      DARMCM1.DLL V1.19.6.0
Target DLL:      Nu_Link.dll V3.21
Dialog DLL:      TARMCM1.DLL V1.14.6.0
 
<h2>Project:</h2>
F:\Pasta_300GB_P2\Google Drive\Bkp Nip1\Placa P0215 - LCD\P0215M\Touch\TSC-50\M452LD3AE\M451_series_samples\m451bsp-master\SampleCode\TouchscreenDriver\Touchscreen_Driver\KEIL\Touchscreen_Driver.uvproj
Project File Date:  11/14/2025

<h2>Output:</h2>
*** Using Compiler 'V6.24', folder: 'C:\Users\Robson\AppData\Local\Keil_v5\ARM\ARMCLANG\Bin'
Rebuild target 'Touchscreen_Driver'
assembling startup_M451Series.s...
compiling clk.c...
compiling system_M451Series.c...
compiling retarget.c...
compiling sys.c...
compiling uart.c...
compiling timer.c...
compiling main.c...
compiling gpio.c...
compiling eadc.c...
compiling wdt.c...
compiling fmc.c...
linking...
Program Size: Code=15396 RO-data=700 RW-data=120 ZI-data=2736  
FromELF: creating hex file...
After Build - User command #1: fromelf --bin ".\obj\Touchscreen_Driver.axf" --output ".\obj\Touchscreen_Driver.bin"
After Build - User command #2: fromelf --text -c ".\obj\Touchscreen_Driver.axf" --output ".\obj\Touchscreen_Driver.txt"
".\obj\Touchscreen_Driver.axf" - 0 Error(s), 0 Warning(s).
Build Time Elapsed:  00:00:01
</pre>
</body>
</html>
